[33mΓ¥»[39m Building...
[32mΓ£ö[39m Building...
[1mInitial chunk files[22m[2m | [22m[1mNames[22m        [2m | [22m [1mRaw size[22m[2m | [22m[1mEstimated transfer size[22m
[32mmain-OLTLD5ZW.js[39m   [2m | [22m[2mmain[22m         [2m | [22m[36m455.02 kB[39m[2m | [22m              [36m105.37 kB[39m
[32mstyles-MLYJOB5K.css[39m[2m | [22m[2mstyles[22m       [2m | [22m  [36m2.25 kB[39m[2m | [22m              [36m725 bytes[39m

[1m [22m                  [2m | [22m[1mInitial total[22m[2m | [22m[1m457.27 kB[22m[2m | [22m              [1m106.10 kB[22m

Application bundle generation complete. [2.303 seconds] - 2026-02-10T17:20:09.705Z

node.exe : [1m[33m[33mΓû▓ 
[43;33m[[43;30mWARNING[43;33m][0m 
[1mNG8107: The left side of this optional 
chain operation does not include 'null' or 
'undefined' in its type, therefore the 
'?.' operator can be replaced with the '.' 
operator.[0m [1m[35m[plugin 
angular-compiler][0m
At C:\Users\LAVANYA\AppData\Roaming\npm\ng.
ps1:24 char:5
+     & "node$exe"  "$basedir/node_modules/
@angular/cli/bin/ng.js" $arg ...
+     ~~~~~~~~~~~~~~~~~~~~~~~~~~~~~~~~~~~~~
~~~~~~~~~~~~~~~~~~~~~~~~~~~~
    + CategoryInfo          : NotSpecified 
   : ([1m[33m[33mΓ...r-compiler][0m:S  
  tring) [], RemoteException
    + FullyQualifiedErrorId : NativeComman 
   dError
 

    src/app/components/student-dashboard/st
udent-dashboard.component.ts:19:33:
[37m      19 Γöé         <div 
*ngIf="allocations?.[32mlength[37m === 
0">
         Γò╡                               
   [32m~~~~~~[0m


[33mΓû▓ 
[43;33m[[43;30mWARNING[43;33m][0m 
[1mNG8107: The left side of this optional 
chain operation does not include 'null' or 
'undefined' in its type, therefore the 
'?.' operator can be replaced with the '.' 
operator.[0m [1m[35m[plugin 
angular-compiler][0m

    src/app/components/student-dashboard/st
udent-dashboard.component.ts:29:60:
[37m      29 Γöé           <div 
class="room-mates" *ngIf="room && 
roommates?.[32mlength[37m">
         Γò╡                               
                              
[32m~~~~~~[0m


[33mΓû▓ 
[43;33m[[43;30mWARNING[43;33m][0m [1ma
ngular:styles/component:css;fa7c621be32dca8
5244b3fc7a553f9eaa0947fce06ed3f55146a6e7baf
da08d7;C:/Users/LAVANYA/hostel-management-s
ystem/src/app/components/hostel-office/host
el-office.component.ts exceeded maximum 
budget. Budget 4.00 kB was not met by 1.20 
kB with a total of 5.20 kB.[0m


[33mΓû▓ 
[43;33m[[43;30mWARNING[43;33m][0m [1ma
ngular:styles/component:css;51ef8908e24ef35
188f70d4d3d6daee7a14d178b0c5f3759d0ea6b2602
9af5e5;C:/Users/LAVANYA/hostel-management-s
ystem/src/app/components/admin-dashboard/ad
min-dashboard.component.ts exceeded 
maximum budget. Budget 4.00 kB was not met 
by 2.95 kB with a total of 6.95 kB.[0m


[33mΓû▓ 
[43;33m[[43;30mWARNING[43;33m][0m [1ma
ngular:styles/component:css;d7c12a85bad7aa2
a49ab834982af4afda110d0355ed181dec5f778b8a4
f84ae0;C:/Users/LAVANYA/hostel-management-s
ystem/src/app/components/dashboard/dashboar
d.component.ts exceeded maximum budget. 
Budget 4.00 kB was not met by 569 bytes 
with a total of 4.57 kB.[0m

[39m[22m
Output location: C:\Users\LAVANYA\hostel-management-system\dist\hostel-management-system

